[
  {
    "name": "cluster.update_attempt",
    "type": 0,
    "metric": [
      {
        "label": [
          {
            "name": "envoy.cluster_name",
            "value": "service_envoyproxy_io"
          }
        ],
        "counter": {
          "value": 8
        },
        "timestamp_ms": 1679521991954
      }
    ]
  },
  {
    "name": "cluster.upstream_cx_rx_bytes_total",
    "type": 0,
    "metric": [
      {
        "label": [
          {
            "name": "envoy.cluster_name",
            "value": "service_envoyproxy_io"
          }
        ],
        "counter": {
          "value": 134907
        },
        "timestamp_ms": 1679521991954
      }
    ]
  },
  {
    "name": "http.downstream_rq_xx",
    "type": 0,
    "metric": [
      {
        "label": [
          {
            "name": "envoy.response_code_class",
            "value": "2"
          },
          {
            "name": "envoy.http_conn_manager_prefix",
            "value": "admin"
          }
        ],
        "counter": {
          "value": 2
        },
        "timestamp_ms": 1679521991954
      }
    ]
  },
  {
    "name": "http.downstream_cx_total",
    "type": 0,
    "metric": [
      {
        "label": [
          {
            "name": "envoy.http_conn_manager_prefix",
            "value": "admin"
          }
        ],
        "counter": {
          "value": 2
        },
        "timestamp_ms": 1679521991954
      }
    ]
  },
  {
    "name": "cluster.upstream_cx_destroy_with_active_rq",
    "type": 0,
    "metric": [
      {
        "label": [
          {
            "name": "envoy.cluster_name",
            "value": "service_envoyproxy_io"
          }
        ],
        "counter": {
          "value": 2
        },
        "timestamp_ms": 1679521991954
      }
    ]
  },
  {
    "name": "cluster.external.upstream_rq_completed",
    "type": 0,
    "metric": [
      {
        "label": [
          {
            "name": "envoy.cluster_name",
            "value": "service_envoyproxy_io"
          }
        ],
        "counter": {
          "value": 8
        },
        "timestamp_ms": 1679521991954
      }
    ]
  },
  {
    "name": "dns.cares.resolve_total",
    "type": 0,
    "metric": [
      {
        "counter": {
          "value": 8
        },
        "timestamp_ms": 1679521991954
      }
    ]
  },
  {
    "name": "cluster.upstream_cx_destroy",
    "type": 0,
    "metric": [
      {
        "label": [
          {
            "name": "envoy.cluster_name",
            "value": "metrics_cluster"
          }
        ],
        "counter": {
          "value": 4
        },
        "timestamp_ms": 1679521991954
      }
    ]
  },
  {
    "name": "listener.worker_downstream_cx_total",
    "type": 0,
    "metric": [
      {
        "label": [
          {
            "name": "envoy.worker_id",
            "value": "0"
          },
          {
            "name": "envoy.listener_address",
            "value": "0.0.0.0_10000"
          }
        ],
        "counter": {
          "value": 1
        },
        "timestamp_ms": 1679521991954
      }
    ]
  },
  {
    "name": "cluster.external.upstream_rq",
    "type": 0,
    "metric": [
      {
        "label": [
          {
            "name": "envoy.response_code",
            "value": "200"
          },
          {
            "name": "envoy.cluster_name",
            "value": "service_envoyproxy_io"
          }
        ],
        "counter": {
          "value": 8
        },
        "timestamp_ms": 1679521991954
      }
    ]
  },
  {
    "name": "cluster.internal.upstream_rq_xx",
    "type": 0,
    "metric": [
      {
        "label": [
          {
            "name": "envoy.response_code_class",
            "value": "5"
          },
          {
            "name": "envoy.cluster_name",
            "value": "metrics_cluster"
          }
        ],
        "counter": {
          "value": 4
        },
        "timestamp_ms": 1679521991954
      }
    ]
  },
  {
    "name": "http.downstream_cx_destroy_remote",
    "type": 0,
    "metric": [
      {
        "label": [
          {
            "name": "envoy.http_conn_manager_prefix",
            "value": "ingress_http"
          }
        ],
        "counter": {
          "value": 8
        },
        "timestamp_ms": 1679521991954
      }
    ]
  },
  {
    "name": "cluster.upstream_cx_http2_total",
    "type": 0,
    "metric": [
      {
        "label": [
          {
            "name": "envoy.cluster_name",
            "value": "metrics_cluster"
          }
        ],
        "counter": {
          "value": 5
        },
        "timestamp_ms": 1679521991954
      }
    ]
  },
  {
    "name": "cluster.upstream_rq_completed",
    "type": 0,
    "metric": [
      {
        "label": [
          {
            "name": "envoy.cluster_name",
            "value": "service_envoyproxy_io"
          }
        ],
        "counter": {
          "value": 8
        },
        "timestamp_ms": 1679521991954
      }
    ]
  },
  {
    "name": "listener.http.downstream_rq_completed",
    "type": 0,
    "metric": [
      {
        "label": [
          {
            "name": "envoy.http_conn_manager_prefix",
            "value": "ingress_http"
          },
          {
            "name": "envoy.listener_address",
            "value": "0.0.0.0_10000"
          }
        ],
        "counter": {
          "value": 8
        },
        "timestamp_ms": 1679521991954
      }
    ]
  },
  {
    "name": "listener_manager.listener_create_success",
    "type": 0,
    "metric": [
      {
        "counter": {
          "value": 16
        },
        "timestamp_ms": 1679521991954
      }
    ]
  },
  {
    "name": "http.downstream_cx_destroy_remote",
    "type": 0,
    "metric": [
      {
        "label": [
          {
            "name": "envoy.http_conn_manager_prefix",
            "value": "admin"
          }
        ],
        "counter": {
          "value": 2
        },
        "timestamp_ms": 1679521991954
      }
    ]
  },
  {
    "name": "listener.worker_downstream_cx_total",
    "type": 0,
    "metric": [
      {
        "label": [
          {
            "name": "envoy.worker_id",
            "value": "8"
          },
          {
            "name": "envoy.listener_address",
            "value": "0.0.0.0_10000"
          }
        ],
        "counter": {
          "value": 1
        },
        "timestamp_ms": 1679521991954
      }
    ]
  },
  {
    "name": "cluster_manager.cluster_added",
    "type": 0,
    "metric": [
      {
        "counter": {
          "value": 2
        },
        "timestamp_ms": 1679521991954
      }
    ]
  },
  {
    "name": "cluster.upstream_cx_rx_bytes_total",
    "type": 0,
    "metric": [
      {
        "label": [
          {
            "name": "envoy.cluster_name",
            "value": "metrics_cluster"
          }
        ],
        "counter": {
          "value": 367
        },
        "timestamp_ms": 1679521991954
      }
    ]
  },
  {
    "name": "http.downstream_cx_http1_total",
    "type": 0,
    "metric": [
      {
        "label": [
          {
            "name": "envoy.http_conn_manager_prefix",
            "value": "admin"
          }
        ],
        "counter": {
          "value": 2
        },
        "timestamp_ms": 1679521991954
      }
    ]
  },
  {
    "name": "cluster.upstream_rq_xx",
    "type": 0,
    "metric": [
      {
        "label": [
          {
            "name": "envoy.response_code_class",
            "value": "5"
          },
          {
            "name": "envoy.cluster_name",
            "value": "metrics_cluster"
          }
        ],
        "counter": {
          "value": 4
        },
        "timestamp_ms": 1679521991954
      }
    ]
  },
  {
    "name": "cluster.upstream_cx_total",
    "type": 0,
    "metric": [
      {
        "label": [
          {
            "name": "envoy.cluster_name",
            "value": "metrics_cluster"
          }
        ],
        "counter": {
          "value": 5
        },
        "timestamp_ms": 1679521991954
      }
    ]
  },
  {
    "name": "listener_manager.listener_added",
    "type": 0,
    "metric": [
      {
        "counter": {
          "value": 1
        },
        "timestamp_ms": 1679521991954
      }
    ]
  },
  {
    "name": "listener.worker_downstream_cx_total",
    "type": 0,
    "metric": [
      {
        "label": [
          {
            "name": "envoy.worker_id",
            "value": "3"
          },
          {
            "name": "envoy.listener_address",
            "value": "0.0.0.0_10000"
          }
        ],
        "counter": {
          "value": 2
        },
        "timestamp_ms": 1679521991954
      }
    ]
  },
  {
    "name": "cluster.upstream_cx_destroy_remote_with_active_rq",
    "type": 0,
    "metric": [
      {
        "label": [
          {
            "name": "envoy.cluster_name",
            "value": "metrics_cluster"
          }
        ],
        "counter": {
          "value": 1
        },
        "timestamp_ms": 1679521991954
      }
    ]
  },
  {
    "name": "cluster.upstream_cx_destroy_local",
    "type": 0,
    "metric": [
      {
        "label": [
          {
            "name": "envoy.cluster_name",
            "value": "service_envoyproxy_io"
          }
        ],
        "counter": {
          "value": 2
        },
        "timestamp_ms": 1679521991954
      }
    ]
  },
  {
    "name": "http.downstream_rq_completed",
    "type": 0,
    "metric": [
      {
        "label": [
          {
            "name": "envoy.http_conn_manager_prefix",
            "value": "ingress_http"
          }
        ],
        "counter": {
          "value": 8
        },
        "timestamp_ms": 1679521991954
      }
    ]
  },
  {
    "name": "http.downstream_rq_rx_reset",
    "type": 0,
    "metric": [
      {
        "label": [
          {
            "name": "envoy.http_conn_manager_prefix",
            "value": "ingress_http"
          }
        ],
        "counter": {
          "value": 2
        },
        "timestamp_ms": 1679521991954
      }
    ]
  },
  {
    "name": "cluster.membership_change",
    "type": 0,
    "metric": [
      {
        "label": [
          {
            "name": "envoy.cluster_name",
            "value": "metrics_cluster"
          }
        ],
        "counter": {
          "value": 1
        },
        "timestamp_ms": 1679521991954
      }
    ]
  },
  {
    "name": "http.downstream_cx_tx_bytes_total",
    "type": 0,
    "metric": [
      {
        "label": [
          {
            "name": "envoy.http_conn_manager_prefix",
            "value": "admin"
          }
        ],
        "counter": {
          "value": 33378
        },
        "timestamp_ms": 1679521991954
      }
    ]
  },
  {
    "name": "cluster.upstream_rq_pending_total",
    "type": 0,
    "metric": [
      {
        "label": [
          {
            "name": "envoy.cluster_name",
            "value": "service_envoyproxy_io"
          }
        ],
        "counter": {
          "value": 7
        },
        "timestamp_ms": 1679521991954
      }
    ]
  },
  {
    "name": "listener.admin.http.downstream_rq_xx",
    "type": 0,
    "metric": [
      {
        "label": [
          {
            "name": "envoy.response_code_class",
            "value": "2"
          },
          {
            "name": "envoy.http_conn_manager_prefix",
            "value": "admin"
          }
        ],
        "counter": {
          "value": 2
        },
        "timestamp_ms": 1679521991954
      }
    ]
  },
  {
    "name": "http.downstream_cx_destroy_active_rq",
    "type": 0,
    "metric": [
      {
        "label": [
          {
            "name": "envoy.http_conn_manager_prefix",
            "value": "ingress_http"
          }
        ],
        "counter": {
          "value": 2
        },
        "timestamp_ms": 1679521991954
      }
    ]
  },
  {
    "name": "cluster.upstream_cx_tx_bytes_total",
    "type": 0,
    "metric": [
      {
        "label": [
          {
            "name": "envoy.cluster_name",
            "value": "service_envoyproxy_io"
          }
        ],
        "counter": {
          "value": 1584
        },
        "timestamp_ms": 1679521991954
      }
    ]
  },
  {
    "name": "cluster.ssl.handshake",
    "type": 0,
    "metric": [
      {
        "label": [
          {
            "name": "envoy.cluster_name",
            "value": "service_envoyproxy_io"
          }
        ],
        "counter": {
          "value": 7
        },
        "timestamp_ms": 1679521991954
      }
    ]
  },
  {
    "name": "http.downstream_cx_rx_bytes_total",
    "type": 0,
    "metric": [
      {
        "label": [
          {
            "name": "envoy.http_conn_manager_prefix",
            "value": "ingress_http"
          }
        ],
        "counter": {
          "value": 632
        },
        "timestamp_ms": 1679521991954
      }
    ]
  },
  {
    "name": "cluster.ssl.session_reused",
    "type": 0,
    "metric": [
      {
        "label": [
          {
            "name": "envoy.cluster_name",
            "value": "service_envoyproxy_io"
          }
        ],
        "counter": {
          "value": 2
        },
        "timestamp_ms": 1679521991954
      }
    ]
  },
  {
    "name": "runtime.override_dir_not_exists",
    "type": 0,
    "metric": [
      {
        "counter": {
          "value": 1
        },
        "timestamp_ms": 1679521991954
      }
    ]
  },
  {
    "name": "listener.downstream_cx_total",
    "type": 0,
    "metric": [
      {
        "label": [
          {
            "name": "envoy.listener_address",
            "value": "0.0.0.0_10000"
          }
        ],
        "counter": {
          "value": 8
        },
        "timestamp_ms": 1679521991954
      }
    ]
  },
  {
    "name": "listener.admin.main_thread.downstream_cx_total",
    "type": 0,
    "metric": [
      {
        "counter": {
          "value": 2
        },
        "timestamp_ms": 1679521991954
      }
    ]
  },
  {
    "name": "cluster.upstream_cx_total",
    "type": 0,
    "metric": [
      {
        "label": [
          {
            "name": "envoy.cluster_name",
            "value": "service_envoyproxy_io"
          }
        ],
        "counter": {
          "value": 7
        },
        "timestamp_ms": 1679521991954
      }
    ]
  },
  {
    "name": "cluster.upstream_rq",
    "type": 0,
    "metric": [
      {
        "label": [
          {
            "name": "envoy.response_code",
            "value": "503"
          },
          {
            "name": "envoy.cluster_name",
            "value": "metrics_cluster"
          }
        ],
        "counter": {
          "value": 4
        },
        "timestamp_ms": 1679521991954
      }
    ]
  },
  {
    "name": "cluster.upstream_rq",
    "type": 0,
    "metric": [
      {
        "label": [
          {
            "name": "envoy.response_code",
            "value": "200"
          },
          {
            "name": "envoy.cluster_name",
            "value": "service_envoyproxy_io"
          }
        ],
        "counter": {
          "value": 8
        },
        "timestamp_ms": 1679521991954
      }
    ]
  },
  {
    "name": "cluster.update_success",
    "type": 0,
    "metric": [
      {
        "label": [
          {
            "name": "envoy.cluster_name",
            "value": "service_envoyproxy_io"
          }
        ],
        "counter": {
          "value": 8
        },
        "timestamp_ms": 1679521991954
      }
    ]
  },
  {
    "name": "http.downstream_rq_http1_total",
    "type": 0,
    "metric": [
      {
        "label": [
          {
            "name": "envoy.http_conn_manager_prefix",
            "value": "admin"
          }
        ],
        "counter": {
          "value": 2
        },
        "timestamp_ms": 1679521991954
      }
    ]
  },
  {
    "name": "cluster.external.upstream_rq_xx",
    "type": 0,
    "metric": [
      {
        "label": [
          {
            "name": "envoy.response_code_class",
            "value": "2"
          },
          {
            "name": "envoy.cluster_name",
            "value": "service_envoyproxy_io"
          }
        ],
        "counter": {
          "value": 8
        },
        "timestamp_ms": 1679521991954
      }
    ]
  },
  {
    "name": "runtime.load_success",
    "type": 0,
    "metric": [
      {
        "counter": {
          "value": 1
        },
        "timestamp_ms": 1679521991954
      }
    ]
  },
  {
    "name": "cluster.ssl.ciphers",
    "type": 0,
    "metric": [
      {
        "label": [
          {
            "name": "cipher_suite",
            "value": "ECDHE-ECDSA-AES128-GCM-SHA256"
          },
          {
            "name": "envoy.cluster_name",
            "value": "service_envoyproxy_io"
          }
        ],
        "counter": {
          "value": 7
        },
        "timestamp_ms": 1679521991954
      }
    ]
  },
  {
    "name": "cluster.upstream_rq_total",
    "type": 0,
    "metric": [
      {
        "label": [
          {
            "name": "envoy.cluster_name",
            "value": "metrics_cluster"
          }
        ],
        "counter": {
          "value": 2
        },
        "timestamp_ms": 1679521991954
      }
    ]
  },
  {
    "name": "http.downstream_cx_total",
    "type": 0,
    "metric": [
      {
        "label": [
          {
            "name": "envoy.http_conn_manager_prefix",
            "value": "ingress_http"
          }
        ],
        "counter": {
          "value": 8
        },
        "timestamp_ms": 1679521991954
      }
    ]
  },
  {
    "name": "cluster.upstream_cx_connect_fail",
    "type": 0,
    "metric": [
      {
        "label": [
          {
            "name": "envoy.cluster_name",
            "value": "metrics_cluster"
          }
        ],
        "counter": {
          "value": 3
        },
        "timestamp_ms": 1679521991954
      }
    ]
  },
  {
    "name": "listener.downstream_cx_destroy",
    "type": 0,
    "metric": [
      {
        "label": [
          {
            "name": "envoy.listener_address",
            "value": "0.0.0.0_10000"
          }
        ],
        "counter": {
          "value": 8
        },
        "timestamp_ms": 1679521991954
      }
    ]
  },
  {
    "name": "cluster.upstream_rq_xx",
    "type": 0,
    "metric": [
      {
        "label": [
          {
            "name": "envoy.response_code_class",
            "value": "2"
          },
          {
            "name": "envoy.cluster_name",
            "value": "service_envoyproxy_io"
          }
        ],
        "counter": {
          "value": 8
        },
        "timestamp_ms": 1679521991954
      }
    ]
  },
  {
    "name": "http.downstream_rq_xx",
    "type": 0,
    "metric": [
      {
        "label": [
          {
            "name": "envoy.response_code_class",
            "value": "2"
          },
          {
            "name": "envoy.http_conn_manager_prefix",
            "value": "ingress_http"
          }
        ],
        "counter": {
          "value": 8
        },
        "timestamp_ms": 1679521991954
      }
    ]
  },
  {
    "name": "cluster.upstream_rq_pending_failure_eject",
    "type": 0,
    "metric": [
      {
        "label": [
          {
            "name": "envoy.cluster_name",
            "value": "metrics_cluster"
          }
        ],
        "counter": {
          "value": 4
        },
        "timestamp_ms": 1679521991954
      }
    ]
  },
  {
    "name": "listener.http.downstream_rq_xx",
    "type": 0,
    "metric": [
      {
        "label": [
          {
            "name": "envoy.response_code_class",
            "value": "2"
          },
          {
            "name": "envoy.http_conn_manager_prefix",
            "value": "ingress_http"
          },
          {
            "name": "envoy.listener_address",
            "value": "0.0.0.0_10000"
          }
        ],
        "counter": {
          "value": 8
        },
        "timestamp_ms": 1679521991954
      }
    ]
  },
  {
    "name": "cluster.upstream_cx_destroy_remote",
    "type": 0,
    "metric": [
      {
        "label": [
          {
            "name": "envoy.cluster_name",
            "value": "metrics_cluster"
          }
        ],
        "counter": {
          "value": 4
        },
        "timestamp_ms": 1679521991954
      }
    ]
  },
  {
    "name": "http.downstream_rq_http1_total",
    "type": 0,
    "metric": [
      {
        "label": [
          {
            "name": "envoy.http_conn_manager_prefix",
            "value": "ingress_http"
          }
        ],
        "counter": {
          "value": 8
        },
        "timestamp_ms": 1679521991954
      }
    ]
  },
  {
    "name": "server.wip_protos",
    "type": 0,
    "metric": [
      {
        "counter": {
          "value": 0
        },
        "timestamp_ms": 1679521991954
      }
    ]
  },
  {
    "name": "http.downstream_cx_destroy",
    "type": 0,
    "metric": [
      {
        "label": [
          {
            "name": "envoy.http_conn_manager_prefix",
            "value": "admin"
          }
        ],
        "counter": {
          "value": 2
        },
        "timestamp_ms": 1679521991954
      }
    ]
  },
  {
    "name": "listener.admin.downstream_cx_destroy",
    "type": 0,
    "metric": [
      {
        "counter": {
          "value": 2
        },
        "timestamp_ms": 1679521991954
      }
    ]
  },
  {
    "name": "listener.worker_downstream_cx_total",
    "type": 0,
    "metric": [
      {
        "label": [
          {
            "name": "envoy.worker_id",
            "value": "6"
          },
          {
            "name": "envoy.listener_address",
            "value": "0.0.0.0_10000"
          }
        ],
        "counter": {
          "value": 1
        },
        "timestamp_ms": 1679521991954
      }
    ]
  },
  {
    "name": "cluster.upstream_cx_destroy_with_active_rq",
    "type": 0,
    "metric": [
      {
        "label": [
          {
            "name": "envoy.cluster_name",
            "value": "metrics_cluster"
          }
        ],
        "counter": {
          "value": 1
        },
        "timestamp_ms": 1679521991954
      }
    ]
  },
  {
    "name": "http.downstream_cx_http1_total",
    "type": 0,
    "metric": [
      {
        "label": [
          {
            "name": "envoy.http_conn_manager_prefix",
            "value": "ingress_http"
          }
        ],
        "counter": {
          "value": 8
        },
        "timestamp_ms": 1679521991954
      }
    ]
  },
  {
    "name": "cluster.membership_change",
    "type": 0,
    "metric": [
      {
        "label": [
          {
            "name": "envoy.cluster_name",
            "value": "service_envoyproxy_io"
          }
        ],
        "counter": {
          "value": 1
        },
        "timestamp_ms": 1679521991954
      }
    ]
  },
  {
    "name": "cluster.upstream_cx_destroy",
    "type": 0,
    "metric": [
      {
        "label": [
          {
            "name": "envoy.cluster_name",
            "value": "service_envoyproxy_io"
          }
        ],
        "counter": {
          "value": 2
        },
        "timestamp_ms": 1679521991954
      }
    ]
  },
  {
    "name": "http.downstream_cx_destroy",
    "type": 0,
    "metric": [
      {
        "label": [
          {
            "name": "envoy.http_conn_manager_prefix",
            "value": "ingress_http"
          }
        ],
        "counter": {
          "value": 8
        },
        "timestamp_ms": 1679521991954
      }
    ]
  },
  {
    "name": "cluster.upstream_cx_tx_bytes_total",
    "type": 0,
    "metric": [
      {
        "label": [
          {
            "name": "envoy.cluster_name",
            "value": "metrics_cluster"
          }
        ],
        "counter": {
          "value": 148467
        },
        "timestamp_ms": 1679521991954
      }
    ]
  },
  {
    "name": "listener.admin.http.downstream_rq_completed",
    "type": 0,
    "metric": [
      {
        "label": [
          {
            "name": "envoy.http_conn_manager_prefix",
            "value": "admin"
          }
        ],
        "counter": {
          "value": 2
        },
        "timestamp_ms": 1679521991954
      }
    ]
  },
  {
    "name": "server.dynamic_unknown_fields",
    "type": 0,
    "metric": [
      {
        "counter": {
          "value": 0
        },
        "timestamp_ms": 1679521991954
      }
    ]
  },
  {
    "name": "http.rq_total",
    "type": 0,
    "metric": [
      {
        "label": [
          {
            "name": "envoy.http_conn_manager_prefix",
            "value": "ingress_http"
          }
        ],
        "counter": {
          "value": 8
        },
        "timestamp_ms": 1679521991954
      }
    ]
  },
  {
    "name": "listener.worker_downstream_cx_total",
    "type": 0,
    "metric": [
      {
        "label": [
          {
            "name": "envoy.worker_id",
            "value": "4"
          },
          {
            "name": "envoy.listener_address",
            "value": "0.0.0.0_10000"
          }
        ],
        "counter": {
          "value": 1
        },
        "timestamp_ms": 1679521991954
      }
    ]
  },
  {
    "name": "cluster.ssl.curves.X25519",
    "type": 0,
    "metric": [
      {
        "label": [
          {
            "name": "envoy.cluster_name",
            "value": "service_envoyproxy_io"
          }
        ],
        "counter": {
          "value": 7
        },
        "timestamp_ms": 1679521991954
      }
    ]
  },
  {
    "name": "cluster.default.total_match_count",
    "type": 0,
    "metric": [
      {
        "label": [
          {
            "name": "envoy.cluster_name",
            "value": "service_envoyproxy_io"
          }
        ],
        "counter": {
          "value": 1
        },
        "timestamp_ms": 1679521991954
      }
    ]
  },
  {
    "name": "cluster.default.total_match_count",
    "type": 0,
    "metric": [
      {
        "label": [
          {
            "name": "envoy.cluster_name",
            "value": "metrics_cluster"
          }
        ],
        "counter": {
          "value": 1
        },
        "timestamp_ms": 1679521991954
      }
    ]
  },
  {
    "name": "server.static_unknown_fields",
    "type": 0,
    "metric": [
      {
        "counter": {
          "value": 0
        },
        "timestamp_ms": 1679521991954
      }
    ]
  },
  {
    "name": "cluster.upstream_cx_destroy_local_with_active_rq",
    "type": 0,
    "metric": [
      {
        "label": [
          {
            "name": "envoy.cluster_name",
            "value": "service_envoyproxy_io"
          }
        ],
        "counter": {
          "value": 2
        },
        "timestamp_ms": 1679521991954
      }
    ]
  },
  {
    "name": "cluster.upstream_rq_total",
    "type": 0,
    "metric": [
      {
        "label": [
          {
            "name": "envoy.cluster_name",
            "value": "service_envoyproxy_io"
          }
        ],
        "counter": {
          "value": 8
        },
        "timestamp_ms": 1679521991954
      }
    ]
  },
  {
    "name": "listener.admin.downstream_cx_total",
    "type": 0,
    "metric": [
      {
        "counter": {
          "value": 2
        },
        "timestamp_ms": 1679521991954
      }
    ]
  },
  {
    "name": "cluster.ssl.sigalgs.ecdsa_secp256r1_sha256",
    "type": 0,
    "metric": [
      {
        "label": [
          {
            "name": "envoy.cluster_name",
            "value": "service_envoyproxy_io"
          }
        ],
        "counter": {
          "value": 7
        },
        "timestamp_ms": 1679521991954
      }
    ]
  },
  {
    "name": "http.downstream_rq_total",
    "type": 0,
    "metric": [
      {
        "label": [
          {
            "name": "envoy.http_conn_manager_prefix",
            "value": "ingress_http"
          }
        ],
        "counter": {
          "value": 8
        },
        "timestamp_ms": 1679521991954
      }
    ]
  },
  {
    "name": "cluster.upstream_rq_pending_total",
    "type": 0,
    "metric": [
      {
        "label": [
          {
            "name": "envoy.cluster_name",
            "value": "metrics_cluster"
          }
        ],
        "counter": {
          "value": 5
        },
        "timestamp_ms": 1679521991954
      }
    ]
  },
  {
    "name": "cluster.upstream_rq_completed",
    "type": 0,
    "metric": [
      {
        "label": [
          {
            "name": "envoy.cluster_name",
            "value": "metrics_cluster"
          }
        ],
        "counter": {
          "value": 4
        },
        "timestamp_ms": 1679521991954
      }
    ]
  },
  {
    "name": "cluster.ssl.versions.TLSv1.2",
    "type": 0,
    "metric": [
      {
        "label": [
          {
            "name": "envoy.cluster_name",
            "value": "service_envoyproxy_io"
          }
        ],
        "counter": {
          "value": 7
        },
        "timestamp_ms": 1679521991954
      }
    ]
  },
  {
    "name": "http.downstream_rq_completed",
    "type": 0,
    "metric": [
      {
        "label": [
          {
            "name": "envoy.http_conn_manager_prefix",
            "value": "admin"
          }
        ],
        "counter": {
          "value": 2
        },
        "timestamp_ms": 1679521991954
      }
    ]
  },
  {
    "name": "http.rq_total",
    "type": 0,
    "metric": [
      {
        "label": [
          {
            "name": "envoy.http_conn_manager_prefix",
            "value": "async-client"
          }
        ],
        "counter": {
          "value": 5
        },
        "timestamp_ms": 1679521991954
      }
    ]
  },
  {
    "name": "http.downstream_cx_rx_bytes_total",
    "type": 0,
    "metric": [
      {
        "label": [
          {
            "name": "envoy.http_conn_manager_prefix",
            "value": "admin"
          }
        ],
        "counter": {
          "value": 156
        },
        "timestamp_ms": 1679521991954
      }
    ]
  },
  {
    "name": "http.downstream_rq_total",
    "type": 0,
    "metric": [
      {
        "label": [
          {
            "name": "envoy.http_conn_manager_prefix",
            "value": "admin"
          }
        ],
        "counter": {
          "value": 2
        },
        "timestamp_ms": 1679521991954
      }
    ]
  },
  {
    "name": "cluster.upstream_cx_http1_total",
    "type": 0,
    "metric": [
      {
        "label": [
          {
            "name": "envoy.cluster_name",
            "value": "service_envoyproxy_io"
          }
        ],
        "counter": {
          "value": 7
        },
        "timestamp_ms": 1679521991954
      }
    ]
  },
  {
    "name": "cluster.internal.upstream_rq_completed",
    "type": 0,
    "metric": [
      {
        "label": [
          {
            "name": "envoy.cluster_name",
            "value": "metrics_cluster"
          }
        ],
        "counter": {
          "value": 4
        },
        "timestamp_ms": 1679521991954
      }
    ]
  },
  {
    "name": "cluster.internal.upstream_rq",
    "type": 0,
    "metric": [
      {
        "label": [
          {
            "name": "envoy.response_code",
            "value": "503"
          },
          {
            "name": "envoy.cluster_name",
            "value": "metrics_cluster"
          }
        ],
        "counter": {
          "value": 4
        },
        "timestamp_ms": 1679521991954
      }
    ]
  },
  {
    "name": "http.downstream_cx_destroy_remote_active_rq",
    "type": 0,
    "metric": [
      {
        "label": [
          {
            "name": "envoy.http_conn_manager_prefix",
            "value": "ingress_http"
          }
        ],
        "counter": {
          "value": 2
        },
        "timestamp_ms": 1679521991954
      }
    ]
  },
  {
    "name": "http.downstream_cx_tx_bytes_total",
    "type": 0,
    "metric": [
      {
        "label": [
          {
            "name": "envoy.http_conn_manager_prefix",
            "value": "ingress_http"
          }
        ],
        "counter": {
          "value": 135178
        },
        "timestamp_ms": 1679521991954
      }
    ]
  },
  {
    "name": "listener.worker_downstream_cx_total",
    "type": 0,
    "metric": [
      {
        "label": [
          {
            "name": "envoy.worker_id",
            "value": "15"
          },
          {
            "name": "envoy.listener_address",
            "value": "0.0.0.0_10000"
          }
        ],
        "counter": {
          "value": 2
        },
        "timestamp_ms": 1679521991954
      }
    ]
  },
  {
    "name": "http.downstream_rq_active",
    "type": 1,
    "metric": [
      {
        "label": [
          {
            "name": "envoy.http_conn_manager_prefix",
            "value": "admin"
          }
        ],
        "gauge": {
          "value": 0
        },
        "timestamp_ms": 1679521991954
      }
    ]
  },
  {
    "name": "listener.worker_downstream_cx_active",
    "type": 1,
    "metric": [
      {
        "label": [
          {
            "name": "envoy.worker_id",
            "value": "8"
          },
          {
            "name": "envoy.listener_address",
            "value": "0.0.0.0_10000"
          }
        ],
        "gauge": {
          "value": 0
        },
        "timestamp_ms": 1679521991954
      }
    ]
  },
  {
    "name": "cluster.circuit_breakers.default.cx_pool_open",
    "type": 1,
    "metric": [
      {
        "label": [
          {
            "name": "envoy.cluster_name",
            "value": "service_envoyproxy_io"
          }
        ],
        "gauge": {
          "value": 0
        },
        "timestamp_ms": 1679521991954
      }
    ]
  },
  {
    "name": "cluster.circuit_breakers.default.rq_open",
    "type": 1,
    "metric": [
      {
        "label": [
          {
            "name": "envoy.cluster_name",
            "value": "metrics_cluster"
          }
        ],
        "gauge": {
          "value": 0
        },
        "timestamp_ms": 1679521991954
      }
    ]
  },
  {
    "name": "server.state",
    "type": 1,
    "metric": [
      {
        "gauge": {
          "value": 0
        },
        "timestamp_ms": 1679521991954
      }
    ]
  },
  {
    "name": "cluster.circuit_breakers.default.cx_open",
    "type": 1,
    "metric": [
      {
        "label": [
          {
            "name": "envoy.cluster_name",
            "value": "metrics_cluster"
          }
        ],
        "gauge": {
          "value": 0
        },
        "timestamp_ms": 1679521991954
      }
    ]
  },
  {
    "name": "cluster.circuit_breakers.default.cx_open",
    "type": 1,
    "metric": [
      {
        "label": [
          {
            "name": "envoy.cluster_name",
            "value": "service_envoyproxy_io"
          }
        ],
        "gauge": {
          "value": 0
        },
        "timestamp_ms": 1679521991954
      }
    ]
  },
  {
    "name": "runtime.num_layers",
    "type": 1,
    "metric": [
      {
        "gauge": {
          "value": 0
        },
        "timestamp_ms": 1679521991954
      }
    ]
  },
  {
    "name": "cluster.circuit_breakers.high.cx_pool_open",
    "type": 1,
    "metric": [
      {
        "label": [
          {
            "name": "envoy.cluster_name",
            "value": "metrics_cluster"
          }
        ],
        "gauge": {
          "value": 0
        },
        "timestamp_ms": 1679521991954
      }
    ]
  },
  {
    "name": "cluster.upstream_rq_pending_active",
    "type": 1,
    "metric": [
      {
        "label": [
          {
            "name": "envoy.cluster_name",
            "value": "service_envoyproxy_io"
          }
        ],
        "gauge": {
          "value": 0
        },
        "timestamp_ms": 1679521991954
      }
    ]
  },
  {
    "name": "http.downstream_cx_active",
    "type": 1,
    "metric": [
      {
        "label": [
          {
            "name": "envoy.http_conn_manager_prefix",
            "value": "ingress_http"
          }
        ],
        "gauge": {
          "value": 0
        },
        "timestamp_ms": 1679521991954
      }
    ]
  },
  {
    "name": "dns.cares.pending_resolutions",
    "type": 1,
    "metric": [
      {
        "gauge": {
          "value": 0
        },
        "timestamp_ms": 1679521991954
      }
    ]
  },
  {
    "name": "cluster.upstream_cx_rx_bytes_buffered",
    "type": 1,
    "metric": [
      {
        "label": [
          {
            "name": "envoy.cluster_name",
            "value": "service_envoyproxy_io"
          }
        ],
        "gauge": {
          "value": 25504
        },
        "timestamp_ms": 1679521991954
      }
    ]
  },
  {
    "name": "server.parent_connections",
    "type": 1,
    "metric": [
      {
        "gauge": {
          "value": 0
        },
        "timestamp_ms": 1679521991954
      }
    ]
  },
  {
    "name": "listener.worker_downstream_cx_active",
    "type": 1,
    "metric": [
      {
        "label": [
          {
            "name": "envoy.worker_id",
            "value": "15"
          },
          {
            "name": "envoy.listener_address",
            "value": "0.0.0.0_10000"
          }
        ],
        "gauge": {
          "value": 0
        },
        "timestamp_ms": 1679521991954
      }
    ]
  },
  {
    "name": "cluster.membership_total",
    "type": 1,
    "metric": [
      {
        "label": [
          {
            "name": "envoy.cluster_name",
            "value": "service_envoyproxy_io"
          }
        ],
        "gauge": {
          "value": 1
        },
        "timestamp_ms": 1679521991954
      }
    ]
  },
  {
    "name": "listener_manager.total_listeners_active",
    "type": 1,
    "metric": [
      {
        "gauge": {
          "value": 1
        },
        "timestamp_ms": 1679521991954
      }
    ]
  },
  {
    "name": "server.version",
    "type": 1,
    "metric": [
      {
        "gauge": {
          "value": 14584368
        },
        "timestamp_ms": 1679521991954
      }
    ]
  },
  {
    "name": "server.memory_allocated",
    "type": 1,
    "metric": [
      {
        "gauge": {
          "value": 8310648
        },
        "timestamp_ms": 1679521991954
      }
    ]
  },
  {
    "name": "server.stats_recent_lookups",
    "type": 1,
    "metric": [
      {
        "gauge": {
          "value": 2376
        },
        "timestamp_ms": 1679521991954
      }
    ]
  },
  {
    "name": "http.downstream_cx_active",
    "type": 1,
    "metric": [
      {
        "label": [
          {
            "name": "envoy.http_conn_manager_prefix",
            "value": "admin"
          }
        ],
        "gauge": {
          "value": 0
        },
        "timestamp_ms": 1679521991954
      }
    ]
  },
  {
    "name": "server.total_connections",
    "type": 1,
    "metric": [
      {
        "gauge": {
          "value": 0
        },
        "timestamp_ms": 1679521991954
      }
    ]
  },
  {
    "name": "cluster.upstream_cx_active",
    "type": 1,
    "metric": [
      {
        "label": [
          {
            "name": "envoy.cluster_name",
            "value": "service_envoyproxy_io"
          }
        ],
        "gauge": {
          "value": 5
        },
        "timestamp_ms": 1679521991954
      }
    ]
  },
  {
    "name": "cluster.circuit_breakers.default.rq_open",
    "type": 1,
    "metric": [
      {
        "label": [
          {
            "name": "envoy.cluster_name",
            "value": "service_envoyproxy_io"
          }
        ],
        "gauge": {
          "value": 0
        },
        "timestamp_ms": 1679521991954
      }
    ]
  },
  {
    "name": "cluster.upstream_rq_active",
    "type": 1,
    "metric": [
      {
        "label": [
          {
            "name": "envoy.cluster_name",
            "value": "metrics_cluster"
          }
        ],
        "gauge": {
          "value": 1
        },
        "timestamp_ms": 1679521991954
      }
    ]
  },
  {
    "name": "http.downstream_rq_active",
    "type": 1,
    "metric": [
      {
        "label": [
          {
            "name": "envoy.http_conn_manager_prefix",
            "value": "ingress_http"
          }
        ],
        "gauge": {
          "value": 0
        },
        "timestamp_ms": 1679521991954
      }
    ]
  },
  {
    "name": "listener.worker_downstream_cx_active",
    "type": 1,
    "metric": [
      {
        "label": [
          {
            "name": "envoy.worker_id",
            "value": "4"
          },
          {
            "name": "envoy.listener_address",
            "value": "0.0.0.0_10000"
          }
        ],
        "gauge": {
          "value": 0
        },
        "timestamp_ms": 1679521991954
      }
    ]
  },
  {
    "name": "cluster.circuit_breakers.default.rq_pending_open",
    "type": 1,
    "metric": [
      {
        "label": [
          {
            "name": "envoy.cluster_name",
            "value": "service_envoyproxy_io"
          }
        ],
        "gauge": {
          "value": 0
        },
        "timestamp_ms": 1679521991954
      }
    ]
  },
  {
    "name": "runtime.num_keys",
    "type": 1,
    "metric": [
      {
        "gauge": {
          "value": 0
        },
        "timestamp_ms": 1679521991954
      }
    ]
  },
  {
    "name": "http.downstream_cx_rx_bytes_buffered",
    "type": 1,
    "metric": [
      {
        "label": [
          {
            "name": "envoy.http_conn_manager_prefix",
            "value": "ingress_http"
          }
        ],
        "gauge": {
          "value": 0
        },
        "timestamp_ms": 1679521991954
      }
    ]
  },
  {
    "name": "cluster.membership_healthy",
    "type": 1,
    "metric": [
      {
        "label": [
          {
            "name": "envoy.cluster_name",
            "value": "service_envoyproxy_io"
          }
        ],
        "gauge": {
          "value": 1
        },
        "timestamp_ms": 1679521991954
      }
    ]
  },
  {
    "name": "server.concurrency",
    "type": 1,
    "metric": [
      {
        "gauge": {
          "value": 16
        },
        "timestamp_ms": 1679521991954
      }
    ]
  },
  {
    "name": "listener.downstream_pre_cx_active",
    "type": 1,
    "metric": [
      {
        "label": [
          {
            "name": "envoy.listener_address",
            "value": "0.0.0.0_10000"
          }
        ],
        "gauge": {
          "value": 0
        },
        "timestamp_ms": 1679521991954
      }
    ]
  },
  {
    "name": "cluster.upstream_cx_active",
    "type": 1,
    "metric": [
      {
        "label": [
          {
            "name": "envoy.cluster_name",
            "value": "metrics_cluster"
          }
        ],
        "gauge": {
          "value": 1
        },
        "timestamp_ms": 1679521991954
      }
    ]
  },
  {
    "name": "listener.admin.main_thread.downstream_cx_active",
    "type": 1,
    "metric": [
      {
        "gauge": {
          "value": 0
        },
        "timestamp_ms": 1679521991954
      }
    ]
  },
  {
    "name": "cluster.circuit_breakers.high.cx_pool_open",
    "type": 1,
    "metric": [
      {
        "label": [
          {
            "name": "envoy.cluster_name",
            "value": "service_envoyproxy_io"
          }
        ],
        "gauge": {
          "value": 0
        },
        "timestamp_ms": 1679521991954
      }
    ]
  },
  {
    "name": "http.downstream_cx_http1_active",
    "type": 1,
    "metric": [
      {
        "label": [
          {
            "name": "envoy.http_conn_manager_prefix",
            "value": "admin"
          }
        ],
        "gauge": {
          "value": 0
        },
        "timestamp_ms": 1679521991954
      }
    ]
  },
  {
    "name": "cluster.upstream_cx_rx_bytes_buffered",
    "type": 1,
    "metric": [
      {
        "label": [
          {
            "name": "envoy.cluster_name",
            "value": "metrics_cluster"
          }
        ],
        "gauge": {
          "value": 67
        },
        "timestamp_ms": 1679521991954
      }
    ]
  },
  {
    "name": "server.live",
    "type": 1,
    "metric": [
      {
        "gauge": {
          "value": 1
        },
        "timestamp_ms": 1679521991954
      }
    ]
  },
  {
    "name": "cluster_manager.active_clusters",
    "type": 1,
    "metric": [
      {
        "gauge": {
          "value": 2
        },
        "timestamp_ms": 1679521991954
      }
    ]
  },
  {
    "name": "cluster.membership_degraded",
    "type": 1,
    "metric": [
      {
        "label": [
          {
            "name": "envoy.cluster_name",
            "value": "metrics_cluster"
          }
        ],
        "gauge": {
          "value": 0
        },
        "timestamp_ms": 1679521991954
      }
    ]
  },
  {
    "name": "cluster.membership_total",
    "type": 1,
    "metric": [
      {
        "label": [
          {
            "name": "envoy.cluster_name",
            "value": "metrics_cluster"
          }
        ],
        "gauge": {
          "value": 1
        },
        "timestamp_ms": 1679521991954
      }
    ]
  },
  {
    "name": "server.memory_heap_size",
    "type": 1,
    "metric": [
      {
        "gauge": {
          "value": 16777216
        },
        "timestamp_ms": 1679521991954
      }
    ]
  },
  {
    "name": "cluster_manager.warming_clusters",
    "type": 1,
    "metric": [
      {
        "gauge": {
          "value": 0
        },
        "timestamp_ms": 1679521991954
      }
    ]
  },
  {
    "name": "listener.admin.downstream_cx_active",
    "type": 1,
    "metric": [
      {
        "gauge": {
          "value": 0
        },
        "timestamp_ms": 1679521991954
      }
    ]
  },
  {
    "name": "listener_manager.total_listeners_warming",
    "type": 1,
    "metric": [
      {
        "gauge": {
          "value": 0
        },
        "timestamp_ms": 1679521991954
      }
    ]
  },
  {
    "name": "server.hot_restart_generation",
    "type": 1,
    "metric": [
      {
        "gauge": {
          "value": 1
        },
        "timestamp_ms": 1679521991954
      }
    ]
  },
  {
    "name": "cluster.membership_degraded",
    "type": 1,
    "metric": [
      {
        "label": [
          {
            "name": "envoy.cluster_name",
            "value": "service_envoyproxy_io"
          }
        ],
        "gauge": {
          "value": 0
        },
        "timestamp_ms": 1679521991954
      }
    ]
  },
  {
    "name": "cluster.upstream_rq_active",
    "type": 1,
    "metric": [
      {
        "label": [
          {
            "name": "envoy.cluster_name",
            "value": "service_envoyproxy_io"
          }
        ],
        "gauge": {
          "value": 0
        },
        "timestamp_ms": 1679521991954
      }
    ]
  },
  {
    "name": "cluster.circuit_breakers.default.rq_pending_open",
    "type": 1,
    "metric": [
      {
        "label": [
          {
            "name": "envoy.cluster_name",
            "value": "metrics_cluster"
          }
        ],
        "gauge": {
          "value": 0
        },
        "timestamp_ms": 1679521991954
      }
    ]
  },
  {
    "name": "listener.downstream_cx_active",
    "type": 1,
    "metric": [
      {
        "label": [
          {
            "name": "envoy.listener_address",
            "value": "0.0.0.0_10000"
          }
        ],
        "gauge": {
          "value": 0
        },
        "timestamp_ms": 1679521991954
      }
    ]
  },
  {
    "name": "server.uptime",
    "type": 1,
    "metric": [
      {
        "gauge": {
          "value": 40
        },
        "timestamp_ms": 1679521991954
      }
    ]
  },
  {
    "name": "http.downstream_cx_http1_active",
    "type": 1,
    "metric": [
      {
        "label": [
          {
            "name": "envoy.http_conn_manager_prefix",
            "value": "ingress_http"
          }
        ],
        "gauge": {
          "value": 0
        },
        "timestamp_ms": 1679521991954
      }
    ]
  },
  {
    "name": "server.memory_physical_size",
    "type": 1,
    "metric": [
      {
        "gauge": {
          "value": 25536866
        },
        "timestamp_ms": 1679521991954
      }
    ]
  },
  {
    "name": "server.hot_restart_epoch",
    "type": 1,
    "metric": [
      {
        "gauge": {
          "value": 0
        },
        "timestamp_ms": 1679521991954
      }
    ]
  },
  {
    "name": "listener.admin.downstream_pre_cx_active",
    "type": 1,
    "metric": [
      {
        "gauge": {
          "value": 0
        },
        "timestamp_ms": 1679521991954
      }
    ]
  },
  {
    "name": "listener.worker_downstream_cx_active",
    "type": 1,
    "metric": [
      {
        "label": [
          {
            "name": "envoy.worker_id",
            "value": "3"
          },
          {
            "name": "envoy.listener_address",
            "value": "0.0.0.0_10000"
          }
        ],
        "gauge": {
          "value": 0
        },
        "timestamp_ms": 1679521991954
      }
    ]
  },
  {
    "name": "listener.worker_downstream_cx_active",
    "type": 1,
    "metric": [
      {
        "label": [
          {
            "name": "envoy.worker_id",
            "value": "6"
          },
          {
            "name": "envoy.listener_address",
            "value": "0.0.0.0_10000"
          }
        ],
        "gauge": {
          "value": 0
        },
        "timestamp_ms": 1679521991954
      }
    ]
  },
  {
    "name": "cluster.http2.pending_send_bytes",
    "type": 1,
    "metric": [
      {
        "label": [
          {
            "name": "envoy.cluster_name",
            "value": "metrics_cluster"
          }
        ],
        "gauge": {
          "value": 0
        },
        "timestamp_ms": 1679521991954
      }
    ]
  },
  {
    "name": "listener.worker_downstream_cx_active",
    "type": 1,
    "metric": [
      {
        "label": [
          {
            "name": "envoy.worker_id",
            "value": "0"
          },
          {
            "name": "envoy.listener_address",
            "value": "0.0.0.0_10000"
          }
        ],
        "gauge": {
          "value": 0
        },
        "timestamp_ms": 1679521991954
      }
    ]
  },
  {
    "name": "cluster.upstream_rq_pending_active",
    "type": 1,
    "metric": [
      {
        "label": [
          {
            "name": "envoy.cluster_name",
            "value": "metrics_cluster"
          }
        ],
        "gauge": {
          "value": 0
        },
        "timestamp_ms": 1679521991954
      }
    ]
  },
  {
    "name": "http.downstream_cx_rx_bytes_buffered",
    "type": 1,
    "metric": [
      {
        "label": [
          {
            "name": "envoy.http_conn_manager_prefix",
            "value": "admin"
          }
        ],
        "gauge": {
          "value": 0
        },
        "timestamp_ms": 1679521991954
      }
    ]
  },
  {
    "name": "cluster.membership_excluded",
    "type": 1,
    "metric": [
      {
        "label": [
          {
            "name": "envoy.cluster_name",
            "value": "metrics_cluster"
          }
        ],
        "gauge": {
          "value": 0
        },
        "timestamp_ms": 1679521991954
      }
    ]
  },
  {
    "name": "cluster.membership_excluded",
    "type": 1,
    "metric": [
      {
        "label": [
          {
            "name": "envoy.cluster_name",
            "value": "service_envoyproxy_io"
          }
        ],
        "gauge": {
          "value": 0
        },
        "timestamp_ms": 1679521991954
      }
    ]
  },
  {
    "name": "cluster.membership_healthy",
    "type": 1,
    "metric": [
      {
        "label": [
          {
            "name": "envoy.cluster_name",
            "value": "metrics_cluster"
          }
        ],
        "gauge": {
          "value": 1
        },
        "timestamp_ms": 1679521991954
      }
    ]
  },
  {
    "name": "server.days_until_first_cert_expiring",
    "type": 1,
    "metric": [
      {
        "gauge": {
          "value": 4294967295
        },
        "timestamp_ms": 1679521991954
      }
    ]
  },
  {
    "name": "cluster.http2.streams_active",
    "type": 1,
    "metric": [
      {
        "label": [
          {
            "name": "envoy.cluster_name",
            "value": "metrics_cluster"
          }
        ],
        "gauge": {
          "value": 1
        },
        "timestamp_ms": 1679521991954
      }
    ]
  },
  {
    "name": "listener_manager.workers_started",
    "type": 1,
    "metric": [
      {
        "gauge": {
          "value": 1
        },
        "timestamp_ms": 1679521991954
      }
    ]
  },
  {
    "name": "cluster.circuit_breakers.default.cx_pool_open",
    "type": 1,
    "metric": [
      {
        "label": [
          {
            "name": "envoy.cluster_name",
            "value": "metrics_cluster"
          }
        ],
        "gauge": {
          "value": 0
        },
        "timestamp_ms": 1679521991954
      }
    ]
  },
  {
    "name": "http.downstream_cx_length_ms",
    "type": 2,
    "metric": [
      {
        "label": [
          {
            "name": "envoy.http_conn_manager_prefix",
            "value": "admin"
          }
        ],
        "summary": {
          "quantile": [
            {
              "quantile": 0,
              "value": NaN
            },
            {
              "quantile": 0.25,
              "value": NaN
            },
            {
              "quantile": 0.5,
              "value": NaN
            },
            {
              "quantile": 0.75,
              "value": NaN
            },
            {
              "quantile": 0.9,
              "value": NaN
            },
            {
              "quantile": 0.95,
              "value": NaN
            },
            {
              "quantile": 0.99,
              "value": NaN
            },
            {
              "quantile": 0.995,
              "value": NaN
            },
            {
              "quantile": 0.999,
              "value": NaN
            },
            {
              "quantile": 1,
              "value": NaN
            }
          ]
        },
        "timestamp_ms": 1679521991954
      }
    ]
  },
  {
    "name": "http.downstream_cx_length_ms",
    "type": 4,
    "metric": [
      {
        "label": [
          {
            "name": "envoy.http_conn_manager_prefix",
            "value": "admin"
          }
        ],
        "histogram": {
          "sample_count": 0,
          "sample_sum": 0,
          "bucket": [
            {
              "cumulative_count": 0,
              "upper_bound": 0.5
            },
            {
              "cumulative_count": 0,
              "upper_bound": 1
            },
            {
              "cumulative_count": 0,
              "upper_bound": 5
            },
            {
              "cumulative_count": 0,
              "upper_bound": 10
            },
            {
              "cumulative_count": 0,
              "upper_bound": 25
            },
            {
              "cumulative_count": 0,
              "upper_bound": 50
            },
            {
              "cumulative_count": 0,
              "upper_bound": 100
            },
            {
              "cumulative_count": 0,
              "upper_bound": 250
            },
            {
              "cumulative_count": 0,
              "upper_bound": 500
            },
            {
              "cumulative_count": 0,
              "upper_bound": 1000
            },
            {
              "cumulative_count": 0,
              "upper_bound": 2500
            },
            {
              "cumulative_count": 0,
              "upper_bound": 5000
            },
            {
              "cumulative_count": 0,
              "upper_bound": 10000
            },
            {
              "cumulative_count": 0,
              "upper_bound": 30000
            },
            {
              "cumulative_count": 0,
              "upper_bound": 60000
            },
            {
              "cumulative_count": 0,
              "upper_bound": 300000
            },
            {
              "cumulative_count": 0,
              "upper_bound": 600000
            },
            {
              "cumulative_count": 0,
              "upper_bound": 1800000
            },
            {
              "cumulative_count": 0,
              "upper_bound": 3600000
            }
          ]
        },
        "timestamp_ms": 1679521991954
      }
    ]
  },
  {
    "name": "cluster.upstream_rq_time",
    "type": 2,
    "metric": [
      {
        "label": [
          {
            "name": "envoy.cluster_name",
            "value": "service_envoyproxy_io"
          }
        ],
        "summary": {
          "quantile": [
            {
              "quantile": 0,
              "value": 260
            },
            {
              "quantile": 0.25,
              "value": 262.5
            },
            {
              "quantile": 0.5,
              "value": 265
            },
            {
              "quantile": 0.75,
              "value": 267.5
            },
            {
              "quantile": 0.9,
              "value": 269
            },
            {
              "quantile": 0.95,
              "value": 269.5
            },
            {
              "quantile": 0.99,
              "value": 269.9
            },
            {
              "quantile": 0.995,
              "value": 269.95
            },
            {
              "quantile": 0.999,
              "value": 269.99
            },
            {
              "quantile": 1,
              "value": 270
            }
          ]
        },
        "timestamp_ms": 1679521991954
      }
    ]
  },
  {
    "name": "cluster.upstream_rq_time",
    "type": 4,
    "metric": [
      {
        "label": [
          {
            "name": "envoy.cluster_name",
            "value": "service_envoyproxy_io"
          }
        ],
        "histogram": {
          "sample_count": 1,
          "sample_sum": 265,
          "bucket": [
            {
              "cumulative_count": 0,
              "upper_bound": 0.5
            },
            {
              "cumulative_count": 0,
              "upper_bound": 1
            },
            {
              "cumulative_count": 0,
              "upper_bound": 5
            },
            {
              "cumulative_count": 0,
              "upper_bound": 10
            },
            {
              "cumulative_count": 0,
              "upper_bound": 25
            },
            {
              "cumulative_count": 0,
              "upper_bound": 50
            },
            {
              "cumulative_count": 0,
              "upper_bound": 100
            },
            {
              "cumulative_count": 0,
              "upper_bound": 250
            },
            {
              "cumulative_count": 1,
              "upper_bound": 500
            },
            {
              "cumulative_count": 1,
              "upper_bound": 1000
            },
            {
              "cumulative_count": 1,
              "upper_bound": 2500
            },
            {
              "cumulative_count": 1,
              "upper_bound": 5000
            },
            {
              "cumulative_count": 1,
              "upper_bound": 10000
            },
            {
              "cumulative_count": 1,
              "upper_bound": 30000
            },
            {
              "cumulative_count": 1,
              "upper_bound": 60000
            },
            {
              "cumulative_count": 1,
              "upper_bound": 300000
            },
            {
              "cumulative_count": 1,
              "upper_bound": 600000
            },
            {
              "cumulative_count": 1,
              "upper_bound": 1800000
            },
            {
              "cumulative_count": 1,
              "upper_bound": 3600000
            }
          ]
        },
        "timestamp_ms": 1679521991954
      }
    ]
  },
  {
    "name": "cluster.external.upstream_rq_time",
    "type": 2,
    "metric": [
      {
        "label": [
          {
            "name": "envoy.cluster_name",
            "value": "service_envoyproxy_io"
          }
        ],
        "summary": {
          "quantile": [
            {
              "quantile": 0,
              "value": 260
            },
            {
              "quantile": 0.25,
              "value": 262.5
            },
            {
              "quantile": 0.5,
              "value": 265
            },
            {
              "quantile": 0.75,
              "value": 267.5
            },
            {
              "quantile": 0.9,
              "value": 269
            },
            {
              "quantile": 0.95,
              "value": 269.5
            },
            {
              "quantile": 0.99,
              "value": 269.9
            },
            {
              "quantile": 0.995,
              "value": 269.95
            },
            {
              "quantile": 0.999,
              "value": 269.99
            },
            {
              "quantile": 1,
              "value": 270
            }
          ]
        },
        "timestamp_ms": 1679521991954
      }
    ]
  },
  {
    "name": "cluster.external.upstream_rq_time",
    "type": 4,
    "metric": [
      {
        "label": [
          {
            "name": "envoy.cluster_name",
            "value": "service_envoyproxy_io"
          }
        ],
        "histogram": {
          "sample_count": 1,
          "sample_sum": 265,
          "bucket": [
            {
              "cumulative_count": 0,
              "upper_bound": 0.5
            },
            {
              "cumulative_count": 0,
              "upper_bound": 1
            },
            {
              "cumulative_count": 0,
              "upper_bound": 5
            },
            {
              "cumulative_count": 0,
              "upper_bound": 10
            },
            {
              "cumulative_count": 0,
              "upper_bound": 25
            },
            {
              "cumulative_count": 0,
              "upper_bound": 50
            },
            {
              "cumulative_count": 0,
              "upper_bound": 100
            },
            {
              "cumulative_count": 0,
              "upper_bound": 250
            },
            {
              "cumulative_count": 1,
              "upper_bound": 500
            },
            {
              "cumulative_count": 1,
              "upper_bound": 1000
            },
            {
              "cumulative_count": 1,
              "upper_bound": 2500
            },
            {
              "cumulative_count": 1,
              "upper_bound": 5000
            },
            {
              "cumulative_count": 1,
              "upper_bound": 10000
            },
            {
              "cumulative_count": 1,
              "upper_bound": 30000
            },
            {
              "cumulative_count": 1,
              "upper_bound": 60000
            },
            {
              "cumulative_count": 1,
              "upper_bound": 300000
            },
            {
              "cumulative_count": 1,
              "upper_bound": 600000
            },
            {
              "cumulative_count": 1,
              "upper_bound": 1800000
            },
            {
              "cumulative_count": 1,
              "upper_bound": 3600000
            }
          ]
        },
        "timestamp_ms": 1679521991954
      }
    ]
  },
  {
    "name": "server.initialization_time_ms",
    "type": 2,
    "metric": [
      {
        "summary": {
          "quantile": [
            {
              "quantile": 0,
              "value": NaN
            },
            {
              "quantile": 0.25,
              "value": NaN
            },
            {
              "quantile": 0.5,
              "value": NaN
            },
            {
              "quantile": 0.75,
              "value": NaN
            },
            {
              "quantile": 0.9,
              "value": NaN
            },
            {
              "quantile": 0.95,
              "value": NaN
            },
            {
              "quantile": 0.99,
              "value": NaN
            },
            {
              "quantile": 0.995,
              "value": NaN
            },
            {
              "quantile": 0.999,
              "value": NaN
            },
            {
              "quantile": 1,
              "value": NaN
            }
          ]
        },
        "timestamp_ms": 1679521991954
      }
    ]
  },
  {
    "name": "server.initialization_time_ms",
    "type": 4,
    "metric": [
      {
        "histogram": {
          "sample_count": 0,
          "sample_sum": 0,
          "bucket": [
            {
              "cumulative_count": 0,
              "upper_bound": 0.5
            },
            {
              "cumulative_count": 0,
              "upper_bound": 1
            },
            {
              "cumulative_count": 0,
              "upper_bound": 5
            },
            {
              "cumulative_count": 0,
              "upper_bound": 10
            },
            {
              "cumulative_count": 0,
              "upper_bound": 25
            },
            {
              "cumulative_count": 0,
              "upper_bound": 50
            },
            {
              "cumulative_count": 0,
              "upper_bound": 100
            },
            {
              "cumulative_count": 0,
              "upper_bound": 250
            },
            {
              "cumulative_count": 0,
              "upper_bound": 500
            },
            {
              "cumulative_count": 0,
              "upper_bound": 1000
            },
            {
              "cumulative_count": 0,
              "upper_bound": 2500
            },
            {
              "cumulative_count": 0,
              "upper_bound": 5000
            },
            {
              "cumulative_count": 0,
              "upper_bound": 10000
            },
            {
              "cumulative_count": 0,
              "upper_bound": 30000
            },
            {
              "cumulative_count": 0,
              "upper_bound": 60000
            },
            {
              "cumulative_count": 0,
              "upper_bound": 300000
            },
            {
              "cumulative_count": 0,
              "upper_bound": 600000
            },
            {
              "cumulative_count": 0,
              "upper_bound": 1800000
            },
            {
              "cumulative_count": 0,
              "upper_bound": 3600000
            }
          ]
        },
        "timestamp_ms": 1679521991954
      }
    ]
  },
  {
    "name": "cluster.upstream_cx_connect_ms",
    "type": 2,
    "metric": [
      {
        "label": [
          {
            "name": "envoy.cluster_name",
            "value": "service_envoyproxy_io"
          }
        ],
        "summary": {
          "quantile": [
            {
              "quantile": 0,
              "value": 140
            },
            {
              "quantile": 0.25,
              "value": 142.5
            },
            {
              "quantile": 0.5,
              "value": 145
            },
            {
              "quantile": 0.75,
              "value": 147.5
            },
            {
              "quantile": 0.9,
              "value": 149
            },
            {
              "quantile": 0.95,
              "value": 149.5
            },
            {
              "quantile": 0.99,
              "value": 149.9
            },
            {
              "quantile": 0.995,
              "value": 149.95
            },
            {
              "quantile": 0.999,
              "value": 149.99
            },
            {
              "quantile": 1,
              "value": 150
            }
          ]
        },
        "timestamp_ms": 1679521991954
      }
    ]
  },
  {
    "name": "cluster.upstream_cx_connect_ms",
    "type": 4,
    "metric": [
      {
        "label": [
          {
            "name": "envoy.cluster_name",
            "value": "service_envoyproxy_io"
          }
        ],
        "histogram": {
          "sample_count": 1,
          "sample_sum": 145,
          "bucket": [
            {
              "cumulative_count": 0,
              "upper_bound": 0.5
            },
            {
              "cumulative_count": 0,
              "upper_bound": 1
            },
            {
              "cumulative_count": 0,
              "upper_bound": 5
            },
            {
              "cumulative_count": 0,
              "upper_bound": 10
            },
            {
              "cumulative_count": 0,
              "upper_bound": 25
            },
            {
              "cumulative_count": 0,
              "upper_bound": 50
            },
            {
              "cumulative_count": 0,
              "upper_bound": 100
            },
            {
              "cumulative_count": 1,
              "upper_bound": 250
            },
            {
              "cumulative_count": 1,
              "upper_bound": 500
            },
            {
              "cumulative_count": 1,
              "upper_bound": 1000
            },
            {
              "cumulative_count": 1,
              "upper_bound": 2500
            },
            {
              "cumulative_count": 1,
              "upper_bound": 5000
            },
            {
              "cumulative_count": 1,
              "upper_bound": 10000
            },
            {
              "cumulative_count": 1,
              "upper_bound": 30000
            },
            {
              "cumulative_count": 1,
              "upper_bound": 60000
            },
            {
              "cumulative_count": 1,
              "upper_bound": 300000
            },
            {
              "cumulative_count": 1,
              "upper_bound": 600000
            },
            {
              "cumulative_count": 1,
              "upper_bound": 1800000
            },
            {
              "cumulative_count": 1,
              "upper_bound": 3600000
            }
          ]
        },
        "timestamp_ms": 1679521991954
      }
    ]
  },
  {
    "name": "listener.admin.downstream_cx_length_ms",
    "type": 2,
    "metric": [
      {
        "summary": {
          "quantile": [
            {
              "quantile": 0,
              "value": NaN
            },
            {
              "quantile": 0.25,
              "value": NaN
            },
            {
              "quantile": 0.5,
              "value": NaN
            },
            {
              "quantile": 0.75,
              "value": NaN
            },
            {
              "quantile": 0.9,
              "value": NaN
            },
            {
              "quantile": 0.95,
              "value": NaN
            },
            {
              "quantile": 0.99,
              "value": NaN
            },
            {
              "quantile": 0.995,
              "value": NaN
            },
            {
              "quantile": 0.999,
              "value": NaN
            },
            {
              "quantile": 1,
              "value": NaN
            }
          ]
        },
        "timestamp_ms": 1679521991954
      }
    ]
  },
  {
    "name": "listener.admin.downstream_cx_length_ms",
    "type": 4,
    "metric": [
      {
        "histogram": {
          "sample_count": 0,
          "sample_sum": 0,
          "bucket": [
            {
              "cumulative_count": 0,
              "upper_bound": 0.5
            },
            {
              "cumulative_count": 0,
              "upper_bound": 1
            },
            {
              "cumulative_count": 0,
              "upper_bound": 5
            },
            {
              "cumulative_count": 0,
              "upper_bound": 10
            },
            {
              "cumulative_count": 0,
              "upper_bound": 25
            },
            {
              "cumulative_count": 0,
              "upper_bound": 50
            },
            {
              "cumulative_count": 0,
              "upper_bound": 100
            },
            {
              "cumulative_count": 0,
              "upper_bound": 250
            },
            {
              "cumulative_count": 0,
              "upper_bound": 500
            },
            {
              "cumulative_count": 0,
              "upper_bound": 1000
            },
            {
              "cumulative_count": 0,
              "upper_bound": 2500
            },
            {
              "cumulative_count": 0,
              "upper_bound": 5000
            },
            {
              "cumulative_count": 0,
              "upper_bound": 10000
            },
            {
              "cumulative_count": 0,
              "upper_bound": 30000
            },
            {
              "cumulative_count": 0,
              "upper_bound": 60000
            },
            {
              "cumulative_count": 0,
              "upper_bound": 300000
            },
            {
              "cumulative_count": 0,
              "upper_bound": 600000
            },
            {
              "cumulative_count": 0,
              "upper_bound": 1800000
            },
            {
              "cumulative_count": 0,
              "upper_bound": 3600000
            }
          ]
        },
        "timestamp_ms": 1679521991954
      }
    ]
  },
  {
    "name": "cluster.upstream_cx_length_ms",
    "type": 2,
    "metric": [
      {
        "label": [
          {
            "name": "envoy.cluster_name",
            "value": "metrics_cluster"
          }
        ],
        "summary": {
          "quantile": [
            {
              "quantile": 0,
              "value": NaN
            },
            {
              "quantile": 0.25,
              "value": NaN
            },
            {
              "quantile": 0.5,
              "value": NaN
            },
            {
              "quantile": 0.75,
              "value": NaN
            },
            {
              "quantile": 0.9,
              "value": NaN
            },
            {
              "quantile": 0.95,
              "value": NaN
            },
            {
              "quantile": 0.99,
              "value": NaN
            },
            {
              "quantile": 0.995,
              "value": NaN
            },
            {
              "quantile": 0.999,
              "value": NaN
            },
            {
              "quantile": 1,
              "value": NaN
            }
          ]
        },
        "timestamp_ms": 1679521991954
      }
    ]
  },
  {
    "name": "cluster.upstream_cx_length_ms",
    "type": 4,
    "metric": [
      {
        "label": [
          {
            "name": "envoy.cluster_name",
            "value": "metrics_cluster"
          }
        ],
        "histogram": {
          "sample_count": 0,
          "sample_sum": 0,
          "bucket": [
            {
              "cumulative_count": 0,
              "upper_bound": 0.5
            },
            {
              "cumulative_count": 0,
              "upper_bound": 1
            },
            {
              "cumulative_count": 0,
              "upper_bound": 5
            },
            {
              "cumulative_count": 0,
              "upper_bound": 10
            },
            {
              "cumulative_count": 0,
              "upper_bound": 25
            },
            {
              "cumulative_count": 0,
              "upper_bound": 50
            },
            {
              "cumulative_count": 0,
              "upper_bound": 100
            },
            {
              "cumulative_count": 0,
              "upper_bound": 250
            },
            {
              "cumulative_count": 0,
              "upper_bound": 500
            },
            {
              "cumulative_count": 0,
              "upper_bound": 1000
            },
            {
              "cumulative_count": 0,
              "upper_bound": 2500
            },
            {
              "cumulative_count": 0,
              "upper_bound": 5000
            },
            {
              "cumulative_count": 0,
              "upper_bound": 10000
            },
            {
              "cumulative_count": 0,
              "upper_bound": 30000
            },
            {
              "cumulative_count": 0,
              "upper_bound": 60000
            },
            {
              "cumulative_count": 0,
              "upper_bound": 300000
            },
            {
              "cumulative_count": 0,
              "upper_bound": 600000
            },
            {
              "cumulative_count": 0,
              "upper_bound": 1800000
            },
            {
              "cumulative_count": 0,
              "upper_bound": 3600000
            }
          ]
        },
        "timestamp_ms": 1679521991954
      }
    ]
  },
  {
    "name": "http.downstream_cx_length_ms",
    "type": 2,
    "metric": [
      {
        "label": [
          {
            "name": "envoy.http_conn_manager_prefix",
            "value": "ingress_http"
          }
        ],
        "summary": {
          "quantile": [
            {
              "quantile": 0,
              "value": 260
            },
            {
              "quantile": 0.25,
              "value": 262.5
            },
            {
              "quantile": 0.5,
              "value": 265
            },
            {
              "quantile": 0.75,
              "value": 267.5
            },
            {
              "quantile": 0.9,
              "value": 269
            },
            {
              "quantile": 0.95,
              "value": 269.5
            },
            {
              "quantile": 0.99,
              "value": 269.9
            },
            {
              "quantile": 0.995,
              "value": 269.95
            },
            {
              "quantile": 0.999,
              "value": 269.99
            },
            {
              "quantile": 1,
              "value": 270
            }
          ]
        },
        "timestamp_ms": 1679521991954
      }
    ]
  },
  {
    "name": "http.downstream_cx_length_ms",
    "type": 4,
    "metric": [
      {
        "label": [
          {
            "name": "envoy.http_conn_manager_prefix",
            "value": "ingress_http"
          }
        ],
        "histogram": {
          "sample_count": 1,
          "sample_sum": 265,
          "bucket": [
            {
              "cumulative_count": 0,
              "upper_bound": 0.5
            },
            {
              "cumulative_count": 0,
              "upper_bound": 1
            },
            {
              "cumulative_count": 0,
              "upper_bound": 5
            },
            {
              "cumulative_count": 0,
              "upper_bound": 10
            },
            {
              "cumulative_count": 0,
              "upper_bound": 25
            },
            {
              "cumulative_count": 0,
              "upper_bound": 50
            },
            {
              "cumulative_count": 0,
              "upper_bound": 100
            },
            {
              "cumulative_count": 0,
              "upper_bound": 250
            },
            {
              "cumulative_count": 1,
              "upper_bound": 500
            },
            {
              "cumulative_count": 1,
              "upper_bound": 1000
            },
            {
              "cumulative_count": 1,
              "upper_bound": 2500
            },
            {
              "cumulative_count": 1,
              "upper_bound": 5000
            },
            {
              "cumulative_count": 1,
              "upper_bound": 10000
            },
            {
              "cumulative_count": 1,
              "upper_bound": 30000
            },
            {
              "cumulative_count": 1,
              "upper_bound": 60000
            },
            {
              "cumulative_count": 1,
              "upper_bound": 300000
            },
            {
              "cumulative_count": 1,
              "upper_bound": 600000
            },
            {
              "cumulative_count": 1,
              "upper_bound": 1800000
            },
            {
              "cumulative_count": 1,
              "upper_bound": 3600000
            }
          ]
        },
        "timestamp_ms": 1679521991954
      }
    ]
  },
  {
    "name": "http.downstream_rq_time",
    "type": 2,
    "metric": [
      {
        "label": [
          {
            "name": "envoy.http_conn_manager_prefix",
            "value": "ingress_http"
          }
        ],
        "summary": {
          "quantile": [
            {
              "quantile": 0,
              "value": 260
            },
            {
              "quantile": 0.25,
              "value": 262.5
            },
            {
              "quantile": 0.5,
              "value": 265
            },
            {
              "quantile": 0.75,
              "value": 267.5
            },
            {
              "quantile": 0.9,
              "value": 269
            },
            {
              "quantile": 0.95,
              "value": 269.5
            },
            {
              "quantile": 0.99,
              "value": 269.9
            },
            {
              "quantile": 0.995,
              "value": 269.95
            },
            {
              "quantile": 0.999,
              "value": 269.99
            },
            {
              "quantile": 1,
              "value": 270
            }
          ]
        },
        "timestamp_ms": 1679521991954
      }
    ]
  },
  {
    "name": "http.downstream_rq_time",
    "type": 4,
    "metric": [
      {
        "label": [
          {
            "name": "envoy.http_conn_manager_prefix",
            "value": "ingress_http"
          }
        ],
        "histogram": {
          "sample_count": 1,
          "sample_sum": 265,
          "bucket": [
            {
              "cumulative_count": 0,
              "upper_bound": 0.5
            },
            {
              "cumulative_count": 0,
              "upper_bound": 1
            },
            {
              "cumulative_count": 0,
              "upper_bound": 5
            },
            {
              "cumulative_count": 0,
              "upper_bound": 10
            },
            {
              "cumulative_count": 0,
              "upper_bound": 25
            },
            {
              "cumulative_count": 0,
              "upper_bound": 50
            },
            {
              "cumulative_count": 0,
              "upper_bound": 100
            },
            {
              "cumulative_count": 0,
              "upper_bound": 250
            },
            {
              "cumulative_count": 1,
              "upper_bound": 500
            },
            {
              "cumulative_count": 1,
              "upper_bound": 1000
            },
            {
              "cumulative_count": 1,
              "upper_bound": 2500
            },
            {
              "cumulative_count": 1,
              "upper_bound": 5000
            },
            {
              "cumulative_count": 1,
              "upper_bound": 10000
            },
            {
              "cumulative_count": 1,
              "upper_bound": 30000
            },
            {
              "cumulative_count": 1,
              "upper_bound": 60000
            },
            {
              "cumulative_count": 1,
              "upper_bound": 300000
            },
            {
              "cumulative_count": 1,
              "upper_bound": 600000
            },
            {
              "cumulative_count": 1,
              "upper_bound": 1800000
            },
            {
              "cumulative_count": 1,
              "upper_bound": 3600000
            }
          ]
        },
        "timestamp_ms": 1679521991954
      }
    ]
  },
  {
    "name": "listener.downstream_cx_length_ms",
    "type": 2,
    "metric": [
      {
        "label": [
          {
            "name": "envoy.listener_address",
            "value": "0.0.0.0_10000"
          }
        ],
        "summary": {
          "quantile": [
            {
              "quantile": 0,
              "value": 260
            },
            {
              "quantile": 0.25,
              "value": 262.5
            },
            {
              "quantile": 0.5,
              "value": 265
            },
            {
              "quantile": 0.75,
              "value": 267.5
            },
            {
              "quantile": 0.9,
              "value": 269
            },
            {
              "quantile": 0.95,
              "value": 269.5
            },
            {
              "quantile": 0.99,
              "value": 269.9
            },
            {
              "quantile": 0.995,
              "value": 269.95
            },
            {
              "quantile": 0.999,
              "value": 269.99
            },
            {
              "quantile": 1,
              "value": 270
            }
          ]
        },
        "timestamp_ms": 1679521991954
      }
    ]
  },
  {
    "name": "listener.downstream_cx_length_ms",
    "type": 4,
    "metric": [
      {
        "label": [
          {
            "name": "envoy.listener_address",
            "value": "0.0.0.0_10000"
          }
        ],
        "histogram": {
          "sample_count": 1,
          "sample_sum": 265,
          "bucket": [
            {
              "cumulative_count": 0,
              "upper_bound": 0.5
            },
            {
              "cumulative_count": 0,
              "upper_bound": 1
            },
            {
              "cumulative_count": 0,
              "upper_bound": 5
            },
            {
              "cumulative_count": 0,
              "upper_bound": 10
            },
            {
              "cumulative_count": 0,
              "upper_bound": 25
            },
            {
              "cumulative_count": 0,
              "upper_bound": 50
            },
            {
              "cumulative_count": 0,
              "upper_bound": 100
            },
            {
              "cumulative_count": 0,
              "upper_bound": 250
            },
            {
              "cumulative_count": 1,
              "upper_bound": 500
            },
            {
              "cumulative_count": 1,
              "upper_bound": 1000
            },
            {
              "cumulative_count": 1,
              "upper_bound": 2500
            },
            {
              "cumulative_count": 1,
              "upper_bound": 5000
            },
            {
              "cumulative_count": 1,
              "upper_bound": 10000
            },
            {
              "cumulative_count": 1,
              "upper_bound": 30000
            },
            {
              "cumulative_count": 1,
              "upper_bound": 60000
            },
            {
              "cumulative_count": 1,
              "upper_bound": 300000
            },
            {
              "cumulative_count": 1,
              "upper_bound": 600000
            },
            {
              "cumulative_count": 1,
              "upper_bound": 1800000
            },
            {
              "cumulative_count": 1,
              "upper_bound": 3600000
            }
          ]
        },
        "timestamp_ms": 1679521991954
      }
    ]
  },
  {
    "name": "http.downstream_rq_time",
    "type": 2,
    "metric": [
      {
        "label": [
          {
            "name": "envoy.http_conn_manager_prefix",
            "value": "admin"
          }
        ],
        "summary": {
          "quantile": [
            {
              "quantile": 0,
              "value": NaN
            },
            {
              "quantile": 0.25,
              "value": NaN
            },
            {
              "quantile": 0.5,
              "value": NaN
            },
            {
              "quantile": 0.75,
              "value": NaN
            },
            {
              "quantile": 0.9,
              "value": NaN
            },
            {
              "quantile": 0.95,
              "value": NaN
            },
            {
              "quantile": 0.99,
              "value": NaN
            },
            {
              "quantile": 0.995,
              "value": NaN
            },
            {
              "quantile": 0.999,
              "value": NaN
            },
            {
              "quantile": 1,
              "value": NaN
            }
          ]
        },
        "timestamp_ms": 1679521991954
      }
    ]
  },
  {
    "name": "http.downstream_rq_time",
    "type": 4,
    "metric": [
      {
        "label": [
          {
            "name": "envoy.http_conn_manager_prefix",
            "value": "admin"
          }
        ],
        "histogram": {
          "sample_count": 0,
          "sample_sum": 0,
          "bucket": [
            {
              "cumulative_count": 0,
              "upper_bound": 0.5
            },
            {
              "cumulative_count": 0,
              "upper_bound": 1
            },
            {
              "cumulative_count": 0,
              "upper_bound": 5
            },
            {
              "cumulative_count": 0,
              "upper_bound": 10
            },
            {
              "cumulative_count": 0,
              "upper_bound": 25
            },
            {
              "cumulative_count": 0,
              "upper_bound": 50
            },
            {
              "cumulative_count": 0,
              "upper_bound": 100
            },
            {
              "cumulative_count": 0,
              "upper_bound": 250
            },
            {
              "cumulative_count": 0,
              "upper_bound": 500
            },
            {
              "cumulative_count": 0,
              "upper_bound": 1000
            },
            {
              "cumulative_count": 0,
              "upper_bound": 2500
            },
            {
              "cumulative_count": 0,
              "upper_bound": 5000
            },
            {
              "cumulative_count": 0,
              "upper_bound": 10000
            },
            {
              "cumulative_count": 0,
              "upper_bound": 30000
            },
            {
              "cumulative_count": 0,
              "upper_bound": 60000
            },
            {
              "cumulative_count": 0,
              "upper_bound": 300000
            },
            {
              "cumulative_count": 0,
              "upper_bound": 600000
            },
            {
              "cumulative_count": 0,
              "upper_bound": 1800000
            },
            {
              "cumulative_count": 0,
              "upper_bound": 3600000
            }
          ]
        },
        "timestamp_ms": 1679521991954
      }
    ]
  },
  {
    "name": "cluster.upstream_cx_connect_ms",
    "type": 2,
    "metric": [
      {
        "label": [
          {
            "name": "envoy.cluster_name",
            "value": "metrics_cluster"
          }
        ],
        "summary": {
          "quantile": [
            {
              "quantile": 0,
              "value": 0
            },
            {
              "quantile": 0.25,
              "value": 0
            },
            {
              "quantile": 0.5,
              "value": 0
            },
            {
              "quantile": 0.75,
              "value": 0
            },
            {
              "quantile": 0.9,
              "value": 0
            },
            {
              "quantile": 0.95,
              "value": 0
            },
            {
              "quantile": 0.99,
              "value": 0
            },
            {
              "quantile": 0.995,
              "value": 0
            },
            {
              "quantile": 0.999,
              "value": 0
            },
            {
              "quantile": 1,
              "value": 0
            }
          ]
        },
        "timestamp_ms": 1679521991954
      }
    ]
  },
  {
    "name": "cluster.upstream_cx_connect_ms",
    "type": 4,
    "metric": [
      {
        "label": [
          {
            "name": "envoy.cluster_name",
            "value": "metrics_cluster"
          }
        ],
        "histogram": {
          "sample_count": 1,
          "sample_sum": 0,
          "bucket": [
            {
              "cumulative_count": 1,
              "upper_bound": 0.5
            },
            {
              "cumulative_count": 1,
              "upper_bound": 1
            },
            {
              "cumulative_count": 1,
              "upper_bound": 5
            },
            {
              "cumulative_count": 1,
              "upper_bound": 10
            },
            {
              "cumulative_count": 1,
              "upper_bound": 25
            },
            {
              "cumulative_count": 1,
              "upper_bound": 50
            },
            {
              "cumulative_count": 1,
              "upper_bound": 100
            },
            {
              "cumulative_count": 1,
              "upper_bound": 250
            },
            {
              "cumulative_count": 1,
              "upper_bound": 500
            },
            {
              "cumulative_count": 1,
              "upper_bound": 1000
            },
            {
              "cumulative_count": 1,
              "upper_bound": 2500
            },
            {
              "cumulative_count": 1,
              "upper_bound": 5000
            },
            {
              "cumulative_count": 1,
              "upper_bound": 10000
            },
            {
              "cumulative_count": 1,
              "upper_bound": 30000
            },
            {
              "cumulative_count": 1,
              "upper_bound": 60000
            },
            {
              "cumulative_count": 1,
              "upper_bound": 300000
            },
            {
              "cumulative_count": 1,
              "upper_bound": 600000
            },
            {
              "cumulative_count": 1,
              "upper_bound": 1800000
            },
            {
              "cumulative_count": 1,
              "upper_bound": 3600000
            }
          ]
        },
        "timestamp_ms": 1679521991954
      }
    ]
  },
  {
    "name": "cluster.upstream_cx_length_ms",
    "type": 2,
    "metric": [
      {
        "label": [
          {
            "name": "envoy.cluster_name",
            "value": "service_envoyproxy_io"
          }
        ],
        "summary": {
          "quantile": [
            {
              "quantile": 0,
              "value": NaN
            },
            {
              "quantile": 0.25,
              "value": NaN
            },
            {
              "quantile": 0.5,
              "value": NaN
            },
            {
              "quantile": 0.75,
              "value": NaN
            },
            {
              "quantile": 0.9,
              "value": NaN
            },
            {
              "quantile": 0.95,
              "value": NaN
            },
            {
              "quantile": 0.99,
              "value": NaN
            },
            {
              "quantile": 0.995,
              "value": NaN
            },
            {
              "quantile": 0.999,
              "value": NaN
            },
            {
              "quantile": 1,
              "value": NaN
            }
          ]
        },
        "timestamp_ms": 1679521991954
      }
    ]
  },
  {
    "name": "cluster.upstream_cx_length_ms",
    "type": 4,
    "metric": [
      {
        "label": [
          {
            "name": "envoy.cluster_name",
            "value": "service_envoyproxy_io"
          }
        ],
        "histogram": {
          "sample_count": 0,
          "sample_sum": 0,
          "bucket": [
            {
              "cumulative_count": 0,
              "upper_bound": 0.5
            },
            {
              "cumulative_count": 0,
              "upper_bound": 1
            },
            {
              "cumulative_count": 0,
              "upper_bound": 5
            },
            {
              "cumulative_count": 0,
              "upper_bound": 10
            },
            {
              "cumulative_count": 0,
              "upper_bound": 25
            },
            {
              "cumulative_count": 0,
              "upper_bound": 50
            },
            {
              "cumulative_count": 0,
              "upper_bound": 100
            },
            {
              "cumulative_count": 0,
              "upper_bound": 250
            },
            {
              "cumulative_count": 0,
              "upper_bound": 500
            },
            {
              "cumulative_count": 0,
              "upper_bound": 1000
            },
            {
              "cumulative_count": 0,
              "upper_bound": 2500
            },
            {
              "cumulative_count": 0,
              "upper_bound": 5000
            },
            {
              "cumulative_count": 0,
              "upper_bound": 10000
            },
            {
              "cumulative_count": 0,
              "upper_bound": 30000
            },
            {
              "cumulative_count": 0,
              "upper_bound": 60000
            },
            {
              "cumulative_count": 0,
              "upper_bound": 300000
            },
            {
              "cumulative_count": 0,
              "upper_bound": 600000
            },
            {
              "cumulative_count": 0,
              "upper_bound": 1800000
            },
            {
              "cumulative_count": 0,
              "upper_bound": 3600000
            }
          ]
        },
        "timestamp_ms": 1679521991954
      }
    ]
  }
]
